// Jest Snapshot v1, https://goo.gl/fbAQLP

exports[`codegen element 1`] = `
"const { toDisplayString: _toDisplayString, create-element-vnode: _create-element-vnode } = vue 
return function render(_ctx, _cache) { return _create-element-vnode(\\"div\\", null, 'hi' + _toDisplayString(_ctx.message)) }"
`;

exports[`codegen interpolation 1`] = `
"const { toDisplayString: _toDisplayString } = vue 
return function render(_ctx, _cache) { return _toDisplayString(_ctx.message) }"
`;

exports[`codegen string 1`] = `"return function render(_ctx, _cache) { return 'hi' }"`;
